Archive member included to satisfy reference by file (symbol)

C:/ti/mspm0_sdk_1_30_00_03/source/ti/driverlib/lib/gcc/m0p/mspm0l11xx_l13xx/driverlib.a(dl_common.o)
                              ./ti_msp_dl_config.o (DL_Common_delayCycles)
C:/ti/mspm0_sdk_1_30_00_03/source/ti/driverlib/lib/gcc/m0p/mspm0l11xx_l13xx/driverlib.a(dl_timer.o)
                              ./driver/timer.o (DL_Timer_setClockConfig)
C:/ti/gcc_arm_none_eabi_9_2_1/arm-none-eabi/lib/thumb/v6-m/nofp\libc.a(lib_a-init.o)
                              ./startup_mspm0l130x_gcc.o (__libc_init_array)

Discarded input sections

 .rodata.UART0  0x00000000        0x4 C:/ti/mspm0_sdk_1_30_00_03/source/ti/driverlib/lib/gcc/m0p/mspm0l11xx_l13xx/driverlib.a(dl_common.o)
 .rodata.FLASHCTL
                0x00000000        0x4 C:/ti/mspm0_sdk_1_30_00_03/source/ti/driverlib/lib/gcc/m0p/mspm0l11xx_l13xx/driverlib.a(dl_common.o)
 .rodata.SPI0   0x00000000        0x4 C:/ti/mspm0_sdk_1_30_00_03/source/ti/driverlib/lib/gcc/m0p/mspm0l11xx_l13xx/driverlib.a(dl_common.o)
 .rodata.I2C0   0x00000000        0x4 C:/ti/mspm0_sdk_1_30_00_03/source/ti/driverlib/lib/gcc/m0p/mspm0l11xx_l13xx/driverlib.a(dl_common.o)
 .rodata.CPUSS  0x00000000        0x4 C:/ti/mspm0_sdk_1_30_00_03/source/ti/driverlib/lib/gcc/m0p/mspm0l11xx_l13xx/driverlib.a(dl_common.o)
 .rodata.GPIOA  0x00000000        0x4 C:/ti/mspm0_sdk_1_30_00_03/source/ti/driverlib/lib/gcc/m0p/mspm0l11xx_l13xx/driverlib.a(dl_common.o)
 .rodata.UART1  0x00000000        0x4 C:/ti/mspm0_sdk_1_30_00_03/source/ti/driverlib/lib/gcc/m0p/mspm0l11xx_l13xx/driverlib.a(dl_common.o)
 .rodata.WWDT0  0x00000000        0x4 C:/ti/mspm0_sdk_1_30_00_03/source/ti/driverlib/lib/gcc/m0p/mspm0l11xx_l13xx/driverlib.a(dl_common.o)
 .rodata.DEBUGSS
                0x00000000        0x4 C:/ti/mspm0_sdk_1_30_00_03/source/ti/driverlib/lib/gcc/m0p/mspm0l11xx_l13xx/driverlib.a(dl_common.o)
 .rodata.VREF   0x00000000        0x4 C:/ti/mspm0_sdk_1_30_00_03/source/ti/driverlib/lib/gcc/m0p/mspm0l11xx_l13xx/driverlib.a(dl_common.o)
 .rodata.CRC    0x00000000        0x4 C:/ti/mspm0_sdk_1_30_00_03/source/ti/driverlib/lib/gcc/m0p/mspm0l11xx_l13xx/driverlib.a(dl_common.o)
 .rodata.OPA0   0x00000000        0x4 C:/ti/mspm0_sdk_1_30_00_03/source/ti/driverlib/lib/gcc/m0p/mspm0l11xx_l13xx/driverlib.a(dl_common.o)
 .rodata.TIMG1  0x00000000        0x4 C:/ti/mspm0_sdk_1_30_00_03/source/ti/driverlib/lib/gcc/m0p/mspm0l11xx_l13xx/driverlib.a(dl_common.o)
 .rodata.DMA    0x00000000        0x4 C:/ti/mspm0_sdk_1_30_00_03/source/ti/driverlib/lib/gcc/m0p/mspm0l11xx_l13xx/driverlib.a(dl_common.o)
 .rodata.COMP0  0x00000000        0x4 C:/ti/mspm0_sdk_1_30_00_03/source/ti/driverlib/lib/gcc/m0p/mspm0l11xx_l13xx/driverlib.a(dl_common.o)
 .rodata.SYSCTL
                0x00000000        0x4 C:/ti/mspm0_sdk_1_30_00_03/source/ti/driverlib/lib/gcc/m0p/mspm0l11xx_l13xx/driverlib.a(dl_common.o)
 .rodata.OPA1   0x00000000        0x4 C:/ti/mspm0_sdk_1_30_00_03/source/ti/driverlib/lib/gcc/m0p/mspm0l11xx_l13xx/driverlib.a(dl_common.o)
 .rodata.I2C1   0x00000000        0x4 C:/ti/mspm0_sdk_1_30_00_03/source/ti/driverlib/lib/gcc/m0p/mspm0l11xx_l13xx/driverlib.a(dl_common.o)
 .rodata.TIMG0  0x00000000        0x4 C:/ti/mspm0_sdk_1_30_00_03/source/ti/driverlib/lib/gcc/m0p/mspm0l11xx_l13xx/driverlib.a(dl_common.o)
 .rodata.IOMUX  0x00000000        0x4 C:/ti/mspm0_sdk_1_30_00_03/source/ti/driverlib/lib/gcc/m0p/mspm0l11xx_l13xx/driverlib.a(dl_common.o)
 .rodata.TIMG2  0x00000000        0x4 C:/ti/mspm0_sdk_1_30_00_03/source/ti/driverlib/lib/gcc/m0p/mspm0l11xx_l13xx/driverlib.a(dl_common.o)
 .rodata.TIMG4  0x00000000        0x4 C:/ti/mspm0_sdk_1_30_00_03/source/ti/driverlib/lib/gcc/m0p/mspm0l11xx_l13xx/driverlib.a(dl_common.o)
 .rodata.ADC0   0x00000000        0x4 C:/ti/mspm0_sdk_1_30_00_03/source/ti/driverlib/lib/gcc/m0p/mspm0l11xx_l13xx/driverlib.a(dl_common.o)
 .rodata.ADC0_PERIPHERALREGIONSVT
                0x00000000        0x4 C:/ti/mspm0_sdk_1_30_00_03/source/ti/driverlib/lib/gcc/m0p/mspm0l11xx_l13xx/driverlib.a(dl_common.o)
 .rodata.WUC    0x00000000        0x4 C:/ti/mspm0_sdk_1_30_00_03/source/ti/driverlib/lib/gcc/m0p/mspm0l11xx_l13xx/driverlib.a(dl_common.o)
 .rodata.FACTORYREGION
                0x00000000        0x4 C:/ti/mspm0_sdk_1_30_00_03/source/ti/driverlib/lib/gcc/m0p/mspm0l11xx_l13xx/driverlib.a(dl_common.o)
 .rodata.UART0  0x00000000        0x4 C:/ti/mspm0_sdk_1_30_00_03/source/ti/driverlib/lib/gcc/m0p/mspm0l11xx_l13xx/driverlib.a(dl_timer.o)
 .rodata.FLASHCTL
                0x00000000        0x4 C:/ti/mspm0_sdk_1_30_00_03/source/ti/driverlib/lib/gcc/m0p/mspm0l11xx_l13xx/driverlib.a(dl_timer.o)
 .rodata.SPI0   0x00000000        0x4 C:/ti/mspm0_sdk_1_30_00_03/source/ti/driverlib/lib/gcc/m0p/mspm0l11xx_l13xx/driverlib.a(dl_timer.o)
 .rodata.I2C0   0x00000000        0x4 C:/ti/mspm0_sdk_1_30_00_03/source/ti/driverlib/lib/gcc/m0p/mspm0l11xx_l13xx/driverlib.a(dl_timer.o)
 .rodata.CPUSS  0x00000000        0x4 C:/ti/mspm0_sdk_1_30_00_03/source/ti/driverlib/lib/gcc/m0p/mspm0l11xx_l13xx/driverlib.a(dl_timer.o)
 .rodata.GPIOA  0x00000000        0x4 C:/ti/mspm0_sdk_1_30_00_03/source/ti/driverlib/lib/gcc/m0p/mspm0l11xx_l13xx/driverlib.a(dl_timer.o)
 .rodata.UART1  0x00000000        0x4 C:/ti/mspm0_sdk_1_30_00_03/source/ti/driverlib/lib/gcc/m0p/mspm0l11xx_l13xx/driverlib.a(dl_timer.o)
 .rodata.WWDT0  0x00000000        0x4 C:/ti/mspm0_sdk_1_30_00_03/source/ti/driverlib/lib/gcc/m0p/mspm0l11xx_l13xx/driverlib.a(dl_timer.o)
 .rodata.DEBUGSS
                0x00000000        0x4 C:/ti/mspm0_sdk_1_30_00_03/source/ti/driverlib/lib/gcc/m0p/mspm0l11xx_l13xx/driverlib.a(dl_timer.o)
 .rodata.VREF   0x00000000        0x4 C:/ti/mspm0_sdk_1_30_00_03/source/ti/driverlib/lib/gcc/m0p/mspm0l11xx_l13xx/driverlib.a(dl_timer.o)
 .rodata.CRC    0x00000000        0x4 C:/ti/mspm0_sdk_1_30_00_03/source/ti/driverlib/lib/gcc/m0p/mspm0l11xx_l13xx/driverlib.a(dl_timer.o)
 .rodata.OPA0   0x00000000        0x4 C:/ti/mspm0_sdk_1_30_00_03/source/ti/driverlib/lib/gcc/m0p/mspm0l11xx_l13xx/driverlib.a(dl_timer.o)
 .rodata.TIMG1  0x00000000        0x4 C:/ti/mspm0_sdk_1_30_00_03/source/ti/driverlib/lib/gcc/m0p/mspm0l11xx_l13xx/driverlib.a(dl_timer.o)
 .rodata.DMA    0x00000000        0x4 C:/ti/mspm0_sdk_1_30_00_03/source/ti/driverlib/lib/gcc/m0p/mspm0l11xx_l13xx/driverlib.a(dl_timer.o)
 .rodata.COMP0  0x00000000        0x4 C:/ti/mspm0_sdk_1_30_00_03/source/ti/driverlib/lib/gcc/m0p/mspm0l11xx_l13xx/driverlib.a(dl_timer.o)
 .rodata.SYSCTL
                0x00000000        0x4 C:/ti/mspm0_sdk_1_30_00_03/source/ti/driverlib/lib/gcc/m0p/mspm0l11xx_l13xx/driverlib.a(dl_timer.o)
 .rodata.OPA1   0x00000000        0x4 C:/ti/mspm0_sdk_1_30_00_03/source/ti/driverlib/lib/gcc/m0p/mspm0l11xx_l13xx/driverlib.a(dl_timer.o)
 .rodata.I2C1   0x00000000        0x4 C:/ti/mspm0_sdk_1_30_00_03/source/ti/driverlib/lib/gcc/m0p/mspm0l11xx_l13xx/driverlib.a(dl_timer.o)
 .rodata.TIMG0  0x00000000        0x4 C:/ti/mspm0_sdk_1_30_00_03/source/ti/driverlib/lib/gcc/m0p/mspm0l11xx_l13xx/driverlib.a(dl_timer.o)
 .rodata.IOMUX  0x00000000        0x4 C:/ti/mspm0_sdk_1_30_00_03/source/ti/driverlib/lib/gcc/m0p/mspm0l11xx_l13xx/driverlib.a(dl_timer.o)
 .rodata.TIMG2  0x00000000        0x4 C:/ti/mspm0_sdk_1_30_00_03/source/ti/driverlib/lib/gcc/m0p/mspm0l11xx_l13xx/driverlib.a(dl_timer.o)
 .rodata.TIMG4  0x00000000        0x4 C:/ti/mspm0_sdk_1_30_00_03/source/ti/driverlib/lib/gcc/m0p/mspm0l11xx_l13xx/driverlib.a(dl_timer.o)
 .rodata.ADC0   0x00000000        0x4 C:/ti/mspm0_sdk_1_30_00_03/source/ti/driverlib/lib/gcc/m0p/mspm0l11xx_l13xx/driverlib.a(dl_timer.o)
 .rodata.ADC0_PERIPHERALREGIONSVT
                0x00000000        0x4 C:/ti/mspm0_sdk_1_30_00_03/source/ti/driverlib/lib/gcc/m0p/mspm0l11xx_l13xx/driverlib.a(dl_timer.o)
 .rodata.WUC    0x00000000        0x4 C:/ti/mspm0_sdk_1_30_00_03/source/ti/driverlib/lib/gcc/m0p/mspm0l11xx_l13xx/driverlib.a(dl_timer.o)
 .rodata.FACTORYREGION
                0x00000000        0x4 C:/ti/mspm0_sdk_1_30_00_03/source/ti/driverlib/lib/gcc/m0p/mspm0l11xx_l13xx/driverlib.a(dl_timer.o)
 .text.DL_Timer_setCCPDirection
                0x00000000       0x1c C:/ti/mspm0_sdk_1_30_00_03/source/ti/driverlib/lib/gcc/m0p/mspm0l11xx_l13xx/driverlib.a(dl_timer.o)
 .text.DL_Timer_getClockConfig
                0x00000000       0x40 C:/ti/mspm0_sdk_1_30_00_03/source/ti/driverlib/lib/gcc/m0p/mspm0l11xx_l13xx/driverlib.a(dl_timer.o)
 .text.DL_Timer_initCaptureMode
                0x00000000      0x140 C:/ti/mspm0_sdk_1_30_00_03/source/ti/driverlib/lib/gcc/m0p/mspm0l11xx_l13xx/driverlib.a(dl_timer.o)
 .text.DL_Timer_initCaptureTriggerMode
                0x00000000       0xc4 C:/ti/mspm0_sdk_1_30_00_03/source/ti/driverlib/lib/gcc/m0p/mspm0l11xx_l13xx/driverlib.a(dl_timer.o)
 .text.DL_Timer_initCaptureCombinedMode
                0x00000000       0xd0 C:/ti/mspm0_sdk_1_30_00_03/source/ti/driverlib/lib/gcc/m0p/mspm0l11xx_l13xx/driverlib.a(dl_timer.o)
 .text.DL_Timer_initCompareMode
                0x00000000       0xd4 C:/ti/mspm0_sdk_1_30_00_03/source/ti/driverlib/lib/gcc/m0p/mspm0l11xx_l13xx/driverlib.a(dl_timer.o)
 .text.DL_Timer_initCompareTriggerMode
                0x00000000       0xb0 C:/ti/mspm0_sdk_1_30_00_03/source/ti/driverlib/lib/gcc/m0p/mspm0l11xx_l13xx/driverlib.a(dl_timer.o)
 .text.DL_Timer_initPWMMode
                0x00000000      0x130 C:/ti/mspm0_sdk_1_30_00_03/source/ti/driverlib/lib/gcc/m0p/mspm0l11xx_l13xx/driverlib.a(dl_timer.o)
 .text.DL_Timer_getCaptureCompareValue
                0x00000000       0x38 C:/ti/mspm0_sdk_1_30_00_03/source/ti/driverlib/lib/gcc/m0p/mspm0l11xx_l13xx/driverlib.a(dl_timer.o)
 .text.DL_Timer_getCaptureCompareCtl
                0x00000000       0x3c C:/ti/mspm0_sdk_1_30_00_03/source/ti/driverlib/lib/gcc/m0p/mspm0l11xx_l13xx/driverlib.a(dl_timer.o)
 .text.DL_Timer_enableSuppressionOfCompEvent
                0x00000000       0x40 C:/ti/mspm0_sdk_1_30_00_03/source/ti/driverlib/lib/gcc/m0p/mspm0l11xx_l13xx/driverlib.a(dl_timer.o)
 .text.DL_Timer_disableSuppressionOfCompEvent
                0x00000000       0x40 C:/ti/mspm0_sdk_1_30_00_03/source/ti/driverlib/lib/gcc/m0p/mspm0l11xx_l13xx/driverlib.a(dl_timer.o)
 .text.DL_Timer_setCaptCompUpdateMethod
                0x00000000       0x40 C:/ti/mspm0_sdk_1_30_00_03/source/ti/driverlib/lib/gcc/m0p/mspm0l11xx_l13xx/driverlib.a(dl_timer.o)
 .text.DL_Timer_getCaptCompUpdateMethod
                0x00000000       0x40 C:/ti/mspm0_sdk_1_30_00_03/source/ti/driverlib/lib/gcc/m0p/mspm0l11xx_l13xx/driverlib.a(dl_timer.o)
 .text.DL_Timer_setCaptureCompareOutCtl
                0x00000000       0x40 C:/ti/mspm0_sdk_1_30_00_03/source/ti/driverlib/lib/gcc/m0p/mspm0l11xx_l13xx/driverlib.a(dl_timer.o)
 .text.DL_Timer_getCaptureCompareOutCtl
                0x00000000       0x34 C:/ti/mspm0_sdk_1_30_00_03/source/ti/driverlib/lib/gcc/m0p/mspm0l11xx_l13xx/driverlib.a(dl_timer.o)
 .text.DL_Timer_setCaptureCompareAction
                0x00000000       0x40 C:/ti/mspm0_sdk_1_30_00_03/source/ti/driverlib/lib/gcc/m0p/mspm0l11xx_l13xx/driverlib.a(dl_timer.o)
 .text.DL_Timer_getCaptureCompareAction
                0x00000000       0x3c C:/ti/mspm0_sdk_1_30_00_03/source/ti/driverlib/lib/gcc/m0p/mspm0l11xx_l13xx/driverlib.a(dl_timer.o)
 .text.DL_Timer_overrideCCPOut
                0x00000000       0x48 C:/ti/mspm0_sdk_1_30_00_03/source/ti/driverlib/lib/gcc/m0p/mspm0l11xx_l13xx/driverlib.a(dl_timer.o)
 .text.DL_Timer_setCaptureCompareInput
                0x00000000       0x44 C:/ti/mspm0_sdk_1_30_00_03/source/ti/driverlib/lib/gcc/m0p/mspm0l11xx_l13xx/driverlib.a(dl_timer.o)
 .text.DL_Timer_getCaptureCompareInput
                0x00000000       0x36 C:/ti/mspm0_sdk_1_30_00_03/source/ti/driverlib/lib/gcc/m0p/mspm0l11xx_l13xx/driverlib.a(dl_timer.o)
 .text.DL_Timer_setCaptureCompareInputFilter
                0x00000000       0x46 C:/ti/mspm0_sdk_1_30_00_03/source/ti/driverlib/lib/gcc/m0p/mspm0l11xx_l13xx/driverlib.a(dl_timer.o)
 .text.DL_Timer_getCaptureCompareInputFilter
                0x00000000       0x38 C:/ti/mspm0_sdk_1_30_00_03/source/ti/driverlib/lib/gcc/m0p/mspm0l11xx_l13xx/driverlib.a(dl_timer.o)
 .text.DL_Timer_enableCaptureCompareInputFilter
                0x00000000       0x3c C:/ti/mspm0_sdk_1_30_00_03/source/ti/driverlib/lib/gcc/m0p/mspm0l11xx_l13xx/driverlib.a(dl_timer.o)
 .text.DL_Timer_disableCaptureCompareInputFilter
                0x00000000       0x40 C:/ti/mspm0_sdk_1_30_00_03/source/ti/driverlib/lib/gcc/m0p/mspm0l11xx_l13xx/driverlib.a(dl_timer.o)
 .text.DL_Timer_isCaptureCompareInputFilterEnabled
                0x00000000       0x48 C:/ti/mspm0_sdk_1_30_00_03/source/ti/driverlib/lib/gcc/m0p/mspm0l11xx_l13xx/driverlib.a(dl_timer.o)
 .text.DL_Timer_saveConfiguration
                0x00000000      0x1d8 C:/ti/mspm0_sdk_1_30_00_03/source/ti/driverlib/lib/gcc/m0p/mspm0l11xx_l13xx/driverlib.a(dl_timer.o)
 .text.DL_Timer_restoreConfiguration
                0x00000000      0x1dc C:/ti/mspm0_sdk_1_30_00_03/source/ti/driverlib/lib/gcc/m0p/mspm0l11xx_l13xx/driverlib.a(dl_timer.o)
 .text.DL_Timer_getInChanConfig
                0x00000000       0xa0 C:/ti/mspm0_sdk_1_30_00_03/source/ti/driverlib/lib/gcc/m0p/mspm0l11xx_l13xx/driverlib.a(dl_timer.o)
 .text.DL_Timer_getInChanPairConfig
                0x00000000       0x52 C:/ti/mspm0_sdk_1_30_00_03/source/ti/driverlib/lib/gcc/m0p/mspm0l11xx_l13xx/driverlib.a(dl_timer.o)
 .text.DL_Timer_configQEIHallInputMode
                0x00000000       0x4c C:/ti/mspm0_sdk_1_30_00_03/source/ti/driverlib/lib/gcc/m0p/mspm0l11xx_l13xx/driverlib.a(dl_timer.o)

Memory Configuration

Name             Origin             Length             Attributes
FLASH            0x00000000         0x0000fff8         xr
SRAM             0x20000000         0x00001000         xrw
BCR_CONFIG       0x41c00000         0x00000080         r
BSL_CONFIG       0x41c00100         0x00000080         r
*default*        0x00000000         0xffffffff

Linker script and memory map

LOAD ./main.o
LOAD ./startup_mspm0l130x_gcc.o
LOAD ./ti_msp_dl_config.o
LOAD ./driver/gpio.o
LOAD ./driver/timer.o
                0x00000000                _Min_Heap_Size = 0x0
                0x00000080                _Min_Stack_Size = 0x80
                0x00000000                PROVIDE (_intvecs_base_address = DEFINED (_intvecs_base_address)?_intvecs_base_address:0x0)

.intvecs        0x00000000       0xc0
 *(.intvecs)
 .intvecs       0x00000000       0xc0 ./startup_mspm0l130x_gcc.o
                0x00000000                interruptVectors
                0x20000000                PROVIDE (_vtable_base_address = DEFINED (_vtable_base_address)?_vtable_base_address:0x20000000)

.vtable
 *(.vtable)

.text           0x000000c0      0x3e8
 CREATE_OBJECT_SYMBOLS
 *(.text)
 .text          0x000000c0        0x0 ./main.o
 .text          0x000000c0        0x0 ./startup_mspm0l130x_gcc.o
 .text          0x000000c0        0x0 ./ti_msp_dl_config.o
 .text          0x000000c0        0x0 ./driver/gpio.o
 .text          0x000000c0        0x0 ./driver/timer.o
 .text          0x000000c0        0x0 C:/ti/mspm0_sdk_1_30_00_03/source/ti/driverlib/lib/gcc/m0p/mspm0l11xx_l13xx/driverlib.a(dl_common.o)
 .text          0x000000c0        0x0 C:/ti/mspm0_sdk_1_30_00_03/source/ti/driverlib/lib/gcc/m0p/mspm0l11xx_l13xx/driverlib.a(dl_timer.o)
 .text          0x000000c0        0x0 C:/ti/gcc_arm_none_eabi_9_2_1/arm-none-eabi/lib/thumb/v6-m/nofp\libc.a(lib_a-init.o)
                0x000000c0                . = ALIGN (0x8)
 *(.text.*)
 .text.startup.main
                0x000000c0       0x20 ./main.o
                0x000000c0                main
 .text.Default_Handler
                0x000000e0        0x4 ./startup_mspm0l130x_gcc.o
                0x000000e0                TIMG2_IRQHandler
                0x000000e0                I2C0_IRQHandler
                0x000000e0                HardFault_Handler
                0x000000e0                SysTick_Handler
                0x000000e0                PendSV_Handler
                0x000000e0                NMI_Handler
                0x000000e0                I2C1_IRQHandler
                0x000000e0                UART1_IRQHandler
                0x000000e0                UART0_IRQHandler
                0x000000e0                ADC0_IRQHandler
                0x000000e0                GROUP1_IRQHandler
                0x000000e0                GROUP0_IRQHandler
                0x000000e0                Default_Handler
                0x000000e0                SVC_Handler
                0x000000e0                TIMG1_IRQHandler
                0x000000e0                SPI0_IRQHandler
                0x000000e0                DMA_IRQHandler
                0x000000e0                TIMG4_IRQHandler
 .text.Reset_Handler
                0x000000e4       0x8c ./startup_mspm0l130x_gcc.o
                0x000000e4                Reset_Handler
 .text.initStub
                0x00000170        0x4 ./startup_mspm0l130x_gcc.o
                0x00000170                initStub
                0x00000170                _init
 .text.SYSCFG_DL_initPower
                0x00000174       0x28 ./ti_msp_dl_config.o
                0x00000174                SYSCFG_DL_initPower
 .text.SYSCFG_DL_GPIO_init
                0x0000019c        0x4 ./ti_msp_dl_config.o
                0x0000019c                SYSCFG_DL_GPIO_init
 .text.SYSCFG_DL_SYSCTL_init
                0x000001a0       0x30 ./ti_msp_dl_config.o
                0x000001a0                SYSCFG_DL_SYSCTL_init
 .text.SYSCFG_DL_init
                0x000001d0       0x10 ./ti_msp_dl_config.o
                0x000001d0                SYSCFG_DL_init
 .text.gpio_init
                0x000001e0       0x24 ./driver/gpio.o
                0x000001e0                gpio_init
 .text.SYSCFG_DL_TIMER_0_init
                0x00000204       0x38 ./driver/timer.o
                0x00000204                SYSCFG_DL_TIMER_0_init
 .text.timer_init
                0x0000023c       0x28 ./driver/timer.o
                0x0000023c                timer_init
 .text.TIMG0_IRQHandler
                0x00000264       0x14 ./driver/timer.o
                0x00000264                TIMG0_IRQHandler
 .text.DL_Common_delayCycles
                0x00000278       0x1c C:/ti/mspm0_sdk_1_30_00_03/source/ti/driverlib/lib/gcc/m0p/mspm0l11xx_l13xx/driverlib.a(dl_common.o)
                0x00000278                DL_Common_delayCycles
 .text.DL_Common_updateReg
                0x00000294       0x32 C:/ti/mspm0_sdk_1_30_00_03/source/ti/driverlib/lib/gcc/m0p/mspm0l11xx_l13xx/driverlib.a(dl_timer.o)
 *fill*         0x000002c6        0x2 
 .text.DL_Timer_setLoadValue
                0x000002c8       0x20 C:/ti/mspm0_sdk_1_30_00_03/source/ti/driverlib/lib/gcc/m0p/mspm0l11xx_l13xx/driverlib.a(dl_timer.o)
 .text.DL_Timer_setCounterValueAfterEnable
                0x000002e8       0x2c C:/ti/mspm0_sdk_1_30_00_03/source/ti/driverlib/lib/gcc/m0p/mspm0l11xx_l13xx/driverlib.a(dl_timer.o)
 .text.DL_Timer_setClockConfig
                0x00000314       0x40 C:/ti/mspm0_sdk_1_30_00_03/source/ti/driverlib/lib/gcc/m0p/mspm0l11xx_l13xx/driverlib.a(dl_timer.o)
                0x00000314                DL_Timer_setClockConfig
 .text.DL_Timer_initTimerMode
                0x00000354       0x8c C:/ti/mspm0_sdk_1_30_00_03/source/ti/driverlib/lib/gcc/m0p/mspm0l11xx_l13xx/driverlib.a(dl_timer.o)
                0x00000354                DL_Timer_initTimerMode
 .text.DL_Timer_setCaptureCompareValue
                0x000003e0       0x38 C:/ti/mspm0_sdk_1_30_00_03/source/ti/driverlib/lib/gcc/m0p/mspm0l11xx_l13xx/driverlib.a(dl_timer.o)
                0x000003e0                DL_Timer_setCaptureCompareValue
 .text.DL_Timer_setCaptureCompareCtl
                0x00000418       0x4c C:/ti/mspm0_sdk_1_30_00_03/source/ti/driverlib/lib/gcc/m0p/mspm0l11xx_l13xx/driverlib.a(dl_timer.o)
                0x00000418                DL_Timer_setCaptureCompareCtl
 .text.__libc_init_array
                0x00000464       0x44 C:/ti/gcc_arm_none_eabi_9_2_1/arm-none-eabi/lib/thumb/v6-m/nofp\libc.a(lib_a-init.o)
                0x00000464                __libc_init_array
                0x000004a8                . = ALIGN (0x8)
 *(.ctors)
                0x000004a8                . = ALIGN (0x8)
 *(.dtors)
                0x000004a8                . = ALIGN (0x8)
 *(.init)
                0x000004a8                . = ALIGN (0x8)
 *(.fini*)
                0x000004a8                . = ALIGN (0x8)

.glue_7         0x000004a8        0x0
 .glue_7        0x000004a8        0x0 linker stubs

.glue_7t        0x000004a8        0x0
 .glue_7t       0x000004a8        0x0 linker stubs

.vfp11_veneer   0x000004a8        0x0
 .vfp11_veneer  0x000004a8        0x0 linker stubs

.v4_bx          0x000004a8        0x0
 .v4_bx         0x000004a8        0x0 linker stubs

.iplt           0x000004a8        0x0
 .iplt          0x000004a8        0x0 ./main.o

.ramfunc        0x20000000        0x0 load address 0x000004a8
                0x000004a8                __ramfunct_load__ = LOADADDR (.ramfunc)
                0x20000000                __ramfunct_start__ = .
 *(.ramfunc)
                0x20000000                . = ALIGN (0x8)
                0x20000000                __ramfunct_end__ = .

.rodata         0x000004a8       0xa8
 *(.rodata)
                0x000004a8                . = ALIGN (0x8)
 *(.rodata.*)
 .rodata.gTIMER_0ClockConfig
                0x000004a8        0x3 ./driver/timer.o
 *fill*         0x000004ab        0x1 
 .rodata.gTIMER_0TimerConfig
                0x000004ac       0x14 ./driver/timer.o
 .rodata.DL_Timer_initTimerMode
                0x000004c0       0x8c C:/ti/mspm0_sdk_1_30_00_03/source/ti/driverlib/lib/gcc/m0p/mspm0l11xx_l13xx/driverlib.a(dl_timer.o)
                0x00000550                . = ALIGN (0x8)
 *fill*         0x0000054c        0x4 

.rel.dyn        0x00000550        0x0
 .rel.iplt      0x00000550        0x0 ./main.o

.preinit_array  0x00000550        0x0
                0x00000550                PROVIDE (__preinit_array_start = .)
 *(.preinit_array*)
                0x00000550                PROVIDE (__preinit_array_end = .)

.init_array     0x00000550        0x0
                0x00000550                . = ALIGN (0x8)
                0x00000550                PROVIDE (__init_array_start = .)
 *(SORT_BY_NAME(.init_array.*))
 *(.init_array*)
                0x00000550                PROVIDE (__init_array_end = .)

.fini_array     0x00000550        0x0
                0x00000550                . = ALIGN (0x8)
                [!provide]                PROVIDE (__fini_array_start = .)
 *(SORT_BY_NAME(.fini_array.*))
 *(.fini_array*)
                [!provide]                PROVIDE (__fini_array_end = .)
                0x00000550                . = ALIGN (0x8)

.ARM.exidx      0x00000550        0x0
                0x00000550                __exidx_start = .
 *(.ARM.exidx* .gnu.linkonce.armexidx.*)
                0x00000550                __exidx_end = .

.ARM.extab      0x00000550        0x0
                0x00000550                . = ALIGN (0x8)
 *(.ARM.extab* .gnu.linkonce.armextab.*)
                0x00000550                . = ALIGN (0x8)
                0x00000550                __etext = .

.data           0x20000000        0x0 load address 0x00000550
                0x00000550                __data_load__ = LOADADDR (.data)
                0x20000000                __data_start__ = .
 *(.data)
 .data          0x20000000        0x0 ./main.o
 .data          0x20000000        0x0 ./startup_mspm0l130x_gcc.o
 .data          0x20000000        0x0 ./ti_msp_dl_config.o
 .data          0x20000000        0x0 ./driver/gpio.o
 .data          0x20000000        0x0 ./driver/timer.o
 .data          0x20000000        0x0 C:/ti/mspm0_sdk_1_30_00_03/source/ti/driverlib/lib/gcc/m0p/mspm0l11xx_l13xx/driverlib.a(dl_common.o)
 .data          0x20000000        0x0 C:/ti/mspm0_sdk_1_30_00_03/source/ti/driverlib/lib/gcc/m0p/mspm0l11xx_l13xx/driverlib.a(dl_timer.o)
 .data          0x20000000        0x0 C:/ti/gcc_arm_none_eabi_9_2_1/arm-none-eabi/lib/thumb/v6-m/nofp\libc.a(lib_a-init.o)
 *(.data*)
                0x20000000                . = ALIGN (0x8)
                0x20000000                __data_end__ = .

.igot.plt       0x20000000        0x0 load address 0x00000550
 .igot.plt      0x20000000        0x0 ./main.o

.bss            0x20000000        0x0
                0x20000000                __bss_start__ = .
 *(.shbss)
 *(.bss)
 .bss           0x20000000        0x0 ./main.o
 .bss           0x20000000        0x0 ./startup_mspm0l130x_gcc.o
 .bss           0x20000000        0x0 ./ti_msp_dl_config.o
 .bss           0x20000000        0x0 ./driver/gpio.o
 .bss           0x20000000        0x0 ./driver/timer.o
 .bss           0x20000000        0x0 C:/ti/mspm0_sdk_1_30_00_03/source/ti/driverlib/lib/gcc/m0p/mspm0l11xx_l13xx/driverlib.a(dl_common.o)
 .bss           0x20000000        0x0 C:/ti/mspm0_sdk_1_30_00_03/source/ti/driverlib/lib/gcc/m0p/mspm0l11xx_l13xx/driverlib.a(dl_timer.o)
 .bss           0x20000000        0x0 C:/ti/gcc_arm_none_eabi_9_2_1/arm-none-eabi/lib/thumb/v6-m/nofp\libc.a(lib_a-init.o)
 *(.bss.*)
 *(COMMON)
                0x20000000                . = ALIGN (0x8)
                0x20000000                __bss_end__ = .

.noinit         0x20000000        0x0
 *(*.noinit*)
                0x20000000                . = ALIGN (0x8)

.heap           0x20000000        0x0
                0x20000000                __heap_start__ = .
                0x20000000                end = __heap_start__
                0x20000000                _end = end
                0x20000000                __end = end
 *(.heap)
                0x20000000                __heap_end__ = .
                0x20000000                __HeapLimit = __heap_end__

.stack          0x20000000        0x0
                0x20000000                _stack = .
 *(.stack)

.BCRConfig
 *(.BCRConfig)

.BSLConfig
 *(.BSLConfig)
                0x20001000                __StackTop = (ORIGIN (REGION_STACK) + LENGTH (REGION_STACK))
                [!provide]                PROVIDE (__stack = __StackTop)
LOAD C:/ti/mspm0_sdk_1_30_00_03/source/ti/driverlib/lib/gcc/m0p/mspm0l11xx_l13xx/driverlib.a
LOAD C:/ti/mspm0_sdk_1_30_00_03/source/ti/driverlib/lib/gcc/m0p/mspm0l11xx_l13xx\driverlib.a
LOAD c:/ti/gcc_arm_none_eabi_9_2_1/bin/../lib/gcc/arm-none-eabi/9.2.1/thumb/v6-m/nofp\libgcc.a
LOAD C:/ti/gcc_arm_none_eabi_9_2_1/arm-none-eabi/lib/thumb/v6-m/nofp\libc.a
LOAD C:/ti/gcc_arm_none_eabi_9_2_1/arm-none-eabi/lib/thumb/v6-m/nofp\libm.a
LOAD C:/ti/gcc_arm_none_eabi_9_2_1/arm-none-eabi/lib/thumb/v6-m/nofp\libnosys.a
START GROUP
LOAD c:/ti/gcc_arm_none_eabi_9_2_1/bin/../lib/gcc/arm-none-eabi/9.2.1/thumb/v6-m/nofp\libgcc.a
LOAD C:/ti/gcc_arm_none_eabi_9_2_1/arm-none-eabi/lib/thumb/v6-m/nofp\libg.a
LOAD C:/ti/gcc_arm_none_eabi_9_2_1/arm-none-eabi/lib/thumb/v6-m/nofp\libc.a
END GROUP
OUTPUT(empty_non_sysconfig_LP_MSPM0L1306_nortos_gcc.out elf32-littlearm)

.debug_info     0x00000000    0x124c7
 .debug_info    0x00000000     0x4822 ./main.o
 .debug_info    0x00004822      0x1bc ./startup_mspm0l130x_gcc.o
 .debug_info    0x000049de     0x4925 ./ti_msp_dl_config.o
 .debug_info    0x00009303     0x47dc ./driver/gpio.o
 .debug_info    0x0000dadf     0x49e8 ./driver/timer.o

.debug_abbrev   0x00000000      0xa87
 .debug_abbrev  0x00000000      0x223 ./main.o
 .debug_abbrev  0x00000223       0xe7 ./startup_mspm0l130x_gcc.o
 .debug_abbrev  0x0000030a      0x2c3 ./ti_msp_dl_config.o
 .debug_abbrev  0x000005cd      0x23c ./driver/gpio.o
 .debug_abbrev  0x00000809      0x27e ./driver/timer.o

.debug_aranges  0x00000000       0xd8
 .debug_aranges
                0x00000000       0x20 ./main.o
 .debug_aranges
                0x00000020       0x30 ./startup_mspm0l130x_gcc.o
 .debug_aranges
                0x00000050       0x38 ./ti_msp_dl_config.o
 .debug_aranges
                0x00000088       0x20 ./driver/gpio.o
 .debug_aranges
                0x000000a8       0x30 ./driver/timer.o

.debug_ranges   0x00000000      0x198
 .debug_ranges  0x00000000       0x10 ./main.o
 .debug_ranges  0x00000010       0x20 ./startup_mspm0l130x_gcc.o
 .debug_ranges  0x00000030       0x90 ./ti_msp_dl_config.o
 .debug_ranges  0x000000c0       0x68 ./driver/gpio.o
 .debug_ranges  0x00000128       0x70 ./driver/timer.o

.debug_line     0x00000000     0x1174
 .debug_line    0x00000000      0x375 ./main.o
 .debug_line    0x00000375      0x180 ./startup_mspm0l130x_gcc.o
 .debug_line    0x000004f5      0x4bd ./ti_msp_dl_config.o
 .debug_line    0x000009b2      0x39a ./driver/gpio.o
 .debug_line    0x00000d4c      0x428 ./driver/timer.o

.debug_str      0x00000000     0x20d3
 .debug_str     0x00000000     0x15e0 ./main.o
                               0x16aa (size before relaxing)
 .debug_str     0x000015e0       0xf2 ./startup_mspm0l130x_gcc.o
                                0x2aa (size before relaxing)
 .debug_str     0x000016d2      0x3c5 ./ti_msp_dl_config.o
                               0x18c9 (size before relaxing)
 .debug_str     0x00001a97      0x1f7 ./driver/gpio.o
                               0x1700 (size before relaxing)
 .debug_str     0x00001c8e      0x445 ./driver/timer.o
                               0x1964 (size before relaxing)

.comment        0x00000000       0x79
 .comment       0x00000000       0x79 ./main.o
                                 0x7a (size before relaxing)
 .comment       0x00000079       0x7a ./startup_mspm0l130x_gcc.o
 .comment       0x00000079       0x7a ./ti_msp_dl_config.o
 .comment       0x00000079       0x7a ./driver/gpio.o
 .comment       0x00000079       0x7a ./driver/timer.o
 .comment       0x00000079       0x7a C:/ti/mspm0_sdk_1_30_00_03/source/ti/driverlib/lib/gcc/m0p/mspm0l11xx_l13xx/driverlib.a(dl_common.o)
 .comment       0x00000079       0x7a C:/ti/mspm0_sdk_1_30_00_03/source/ti/driverlib/lib/gcc/m0p/mspm0l11xx_l13xx/driverlib.a(dl_timer.o)

.ARM.attributes
                0x00000000       0x2c
 .ARM.attributes
                0x00000000       0x2b ./main.o
 .ARM.attributes
                0x0000002b       0x2b ./startup_mspm0l130x_gcc.o
 .ARM.attributes
                0x00000056       0x2b ./ti_msp_dl_config.o
 .ARM.attributes
                0x00000081       0x2b ./driver/gpio.o
 .ARM.attributes
                0x000000ac       0x2b ./driver/timer.o
 .ARM.attributes
                0x000000d7       0x2b C:/ti/mspm0_sdk_1_30_00_03/source/ti/driverlib/lib/gcc/m0p/mspm0l11xx_l13xx/driverlib.a(dl_common.o)
 .ARM.attributes
                0x00000102       0x2b C:/ti/mspm0_sdk_1_30_00_03/source/ti/driverlib/lib/gcc/m0p/mspm0l11xx_l13xx/driverlib.a(dl_timer.o)
 .ARM.attributes
                0x0000012d       0x2c C:/ti/gcc_arm_none_eabi_9_2_1/arm-none-eabi/lib/thumb/v6-m/nofp\libc.a(lib_a-init.o)

.debug_frame    0x00000000      0x16c
 .debug_frame   0x00000000       0x28 ./main.o
 .debug_frame   0x00000028       0x48 ./startup_mspm0l130x_gcc.o
 .debug_frame   0x00000070       0x60 ./ti_msp_dl_config.o
 .debug_frame   0x000000d0       0x20 ./driver/gpio.o
 .debug_frame   0x000000f0       0x50 ./driver/timer.o
 .debug_frame   0x00000140       0x2c C:/ti/gcc_arm_none_eabi_9_2_1/arm-none-eabi/lib/thumb/v6-m/nofp\libc.a(lib_a-init.o)

.debug_loc      0x00000000       0x13
 .debug_loc     0x00000000       0x13 ./startup_mspm0l130x_gcc.o
