Archive member included to satisfy reference by file (symbol)

C:/ti/mspm0_sdk_1_30_00_03/source/ti/driverlib/lib/gcc/m0p/mspm0l11xx_l13xx/driverlib.a(dl_common.o)
                              ./ti_msp_dl_config.o (DL_Common_delayCycles)
C:/ti/mspm0_sdk_1_30_00_03/source/ti/driverlib/lib/gcc/m0p/mspm0l11xx_l13xx/driverlib.a(dl_timer.o)
                              ./ti_msp_dl_config.o (DL_Timer_setClockConfig)
C:/ti/gcc_arm_none_eabi_9_2_1/arm-none-eabi/lib/thumb/v6-m/nofp\libc.a(lib_a-init.o)
                              ./startup_mspm0l130x_gcc.o (__libc_init_array)

Discarded input sections

 .rodata.UART0  0x00000000        0x4 C:/ti/mspm0_sdk_1_30_00_03/source/ti/driverlib/lib/gcc/m0p/mspm0l11xx_l13xx/driverlib.a(dl_common.o)
 .rodata.FLASHCTL
                0x00000000        0x4 C:/ti/mspm0_sdk_1_30_00_03/source/ti/driverlib/lib/gcc/m0p/mspm0l11xx_l13xx/driverlib.a(dl_common.o)
 .rodata.SPI0   0x00000000        0x4 C:/ti/mspm0_sdk_1_30_00_03/source/ti/driverlib/lib/gcc/m0p/mspm0l11xx_l13xx/driverlib.a(dl_common.o)
 .rodata.I2C0   0x00000000        0x4 C:/ti/mspm0_sdk_1_30_00_03/source/ti/driverlib/lib/gcc/m0p/mspm0l11xx_l13xx/driverlib.a(dl_common.o)
 .rodata.CPUSS  0x00000000        0x4 C:/ti/mspm0_sdk_1_30_00_03/source/ti/driverlib/lib/gcc/m0p/mspm0l11xx_l13xx/driverlib.a(dl_common.o)
 .rodata.GPIOA  0x00000000        0x4 C:/ti/mspm0_sdk_1_30_00_03/source/ti/driverlib/lib/gcc/m0p/mspm0l11xx_l13xx/driverlib.a(dl_common.o)
 .rodata.UART1  0x00000000        0x4 C:/ti/mspm0_sdk_1_30_00_03/source/ti/driverlib/lib/gcc/m0p/mspm0l11xx_l13xx/driverlib.a(dl_common.o)
 .rodata.WWDT0  0x00000000        0x4 C:/ti/mspm0_sdk_1_30_00_03/source/ti/driverlib/lib/gcc/m0p/mspm0l11xx_l13xx/driverlib.a(dl_common.o)
 .rodata.DEBUGSS
                0x00000000        0x4 C:/ti/mspm0_sdk_1_30_00_03/source/ti/driverlib/lib/gcc/m0p/mspm0l11xx_l13xx/driverlib.a(dl_common.o)
 .rodata.VREF   0x00000000        0x4 C:/ti/mspm0_sdk_1_30_00_03/source/ti/driverlib/lib/gcc/m0p/mspm0l11xx_l13xx/driverlib.a(dl_common.o)
 .rodata.CRC    0x00000000        0x4 C:/ti/mspm0_sdk_1_30_00_03/source/ti/driverlib/lib/gcc/m0p/mspm0l11xx_l13xx/driverlib.a(dl_common.o)
 .rodata.OPA0   0x00000000        0x4 C:/ti/mspm0_sdk_1_30_00_03/source/ti/driverlib/lib/gcc/m0p/mspm0l11xx_l13xx/driverlib.a(dl_common.o)
 .rodata.TIMG1  0x00000000        0x4 C:/ti/mspm0_sdk_1_30_00_03/source/ti/driverlib/lib/gcc/m0p/mspm0l11xx_l13xx/driverlib.a(dl_common.o)
 .rodata.DMA    0x00000000        0x4 C:/ti/mspm0_sdk_1_30_00_03/source/ti/driverlib/lib/gcc/m0p/mspm0l11xx_l13xx/driverlib.a(dl_common.o)
 .rodata.COMP0  0x00000000        0x4 C:/ti/mspm0_sdk_1_30_00_03/source/ti/driverlib/lib/gcc/m0p/mspm0l11xx_l13xx/driverlib.a(dl_common.o)
 .rodata.SYSCTL
                0x00000000        0x4 C:/ti/mspm0_sdk_1_30_00_03/source/ti/driverlib/lib/gcc/m0p/mspm0l11xx_l13xx/driverlib.a(dl_common.o)
 .rodata.OPA1   0x00000000        0x4 C:/ti/mspm0_sdk_1_30_00_03/source/ti/driverlib/lib/gcc/m0p/mspm0l11xx_l13xx/driverlib.a(dl_common.o)
 .rodata.I2C1   0x00000000        0x4 C:/ti/mspm0_sdk_1_30_00_03/source/ti/driverlib/lib/gcc/m0p/mspm0l11xx_l13xx/driverlib.a(dl_common.o)
 .rodata.TIMG0  0x00000000        0x4 C:/ti/mspm0_sdk_1_30_00_03/source/ti/driverlib/lib/gcc/m0p/mspm0l11xx_l13xx/driverlib.a(dl_common.o)
 .rodata.IOMUX  0x00000000        0x4 C:/ti/mspm0_sdk_1_30_00_03/source/ti/driverlib/lib/gcc/m0p/mspm0l11xx_l13xx/driverlib.a(dl_common.o)
 .rodata.TIMG2  0x00000000        0x4 C:/ti/mspm0_sdk_1_30_00_03/source/ti/driverlib/lib/gcc/m0p/mspm0l11xx_l13xx/driverlib.a(dl_common.o)
 .rodata.TIMG4  0x00000000        0x4 C:/ti/mspm0_sdk_1_30_00_03/source/ti/driverlib/lib/gcc/m0p/mspm0l11xx_l13xx/driverlib.a(dl_common.o)
 .rodata.ADC0   0x00000000        0x4 C:/ti/mspm0_sdk_1_30_00_03/source/ti/driverlib/lib/gcc/m0p/mspm0l11xx_l13xx/driverlib.a(dl_common.o)
 .rodata.ADC0_PERIPHERALREGIONSVT
                0x00000000        0x4 C:/ti/mspm0_sdk_1_30_00_03/source/ti/driverlib/lib/gcc/m0p/mspm0l11xx_l13xx/driverlib.a(dl_common.o)
 .rodata.WUC    0x00000000        0x4 C:/ti/mspm0_sdk_1_30_00_03/source/ti/driverlib/lib/gcc/m0p/mspm0l11xx_l13xx/driverlib.a(dl_common.o)
 .rodata.FACTORYREGION
                0x00000000        0x4 C:/ti/mspm0_sdk_1_30_00_03/source/ti/driverlib/lib/gcc/m0p/mspm0l11xx_l13xx/driverlib.a(dl_common.o)
 .rodata.UART0  0x00000000        0x4 C:/ti/mspm0_sdk_1_30_00_03/source/ti/driverlib/lib/gcc/m0p/mspm0l11xx_l13xx/driverlib.a(dl_timer.o)
 .rodata.FLASHCTL
                0x00000000        0x4 C:/ti/mspm0_sdk_1_30_00_03/source/ti/driverlib/lib/gcc/m0p/mspm0l11xx_l13xx/driverlib.a(dl_timer.o)
 .rodata.SPI0   0x00000000        0x4 C:/ti/mspm0_sdk_1_30_00_03/source/ti/driverlib/lib/gcc/m0p/mspm0l11xx_l13xx/driverlib.a(dl_timer.o)
 .rodata.I2C0   0x00000000        0x4 C:/ti/mspm0_sdk_1_30_00_03/source/ti/driverlib/lib/gcc/m0p/mspm0l11xx_l13xx/driverlib.a(dl_timer.o)
 .rodata.CPUSS  0x00000000        0x4 C:/ti/mspm0_sdk_1_30_00_03/source/ti/driverlib/lib/gcc/m0p/mspm0l11xx_l13xx/driverlib.a(dl_timer.o)
 .rodata.GPIOA  0x00000000        0x4 C:/ti/mspm0_sdk_1_30_00_03/source/ti/driverlib/lib/gcc/m0p/mspm0l11xx_l13xx/driverlib.a(dl_timer.o)
 .rodata.UART1  0x00000000        0x4 C:/ti/mspm0_sdk_1_30_00_03/source/ti/driverlib/lib/gcc/m0p/mspm0l11xx_l13xx/driverlib.a(dl_timer.o)
 .rodata.WWDT0  0x00000000        0x4 C:/ti/mspm0_sdk_1_30_00_03/source/ti/driverlib/lib/gcc/m0p/mspm0l11xx_l13xx/driverlib.a(dl_timer.o)
 .rodata.DEBUGSS
                0x00000000        0x4 C:/ti/mspm0_sdk_1_30_00_03/source/ti/driverlib/lib/gcc/m0p/mspm0l11xx_l13xx/driverlib.a(dl_timer.o)
 .rodata.VREF   0x00000000        0x4 C:/ti/mspm0_sdk_1_30_00_03/source/ti/driverlib/lib/gcc/m0p/mspm0l11xx_l13xx/driverlib.a(dl_timer.o)
 .rodata.CRC    0x00000000        0x4 C:/ti/mspm0_sdk_1_30_00_03/source/ti/driverlib/lib/gcc/m0p/mspm0l11xx_l13xx/driverlib.a(dl_timer.o)
 .rodata.OPA0   0x00000000        0x4 C:/ti/mspm0_sdk_1_30_00_03/source/ti/driverlib/lib/gcc/m0p/mspm0l11xx_l13xx/driverlib.a(dl_timer.o)
 .rodata.TIMG1  0x00000000        0x4 C:/ti/mspm0_sdk_1_30_00_03/source/ti/driverlib/lib/gcc/m0p/mspm0l11xx_l13xx/driverlib.a(dl_timer.o)
 .rodata.DMA    0x00000000        0x4 C:/ti/mspm0_sdk_1_30_00_03/source/ti/driverlib/lib/gcc/m0p/mspm0l11xx_l13xx/driverlib.a(dl_timer.o)
 .rodata.COMP0  0x00000000        0x4 C:/ti/mspm0_sdk_1_30_00_03/source/ti/driverlib/lib/gcc/m0p/mspm0l11xx_l13xx/driverlib.a(dl_timer.o)
 .rodata.SYSCTL
                0x00000000        0x4 C:/ti/mspm0_sdk_1_30_00_03/source/ti/driverlib/lib/gcc/m0p/mspm0l11xx_l13xx/driverlib.a(dl_timer.o)
 .rodata.OPA1   0x00000000        0x4 C:/ti/mspm0_sdk_1_30_00_03/source/ti/driverlib/lib/gcc/m0p/mspm0l11xx_l13xx/driverlib.a(dl_timer.o)
 .rodata.I2C1   0x00000000        0x4 C:/ti/mspm0_sdk_1_30_00_03/source/ti/driverlib/lib/gcc/m0p/mspm0l11xx_l13xx/driverlib.a(dl_timer.o)
 .rodata.TIMG0  0x00000000        0x4 C:/ti/mspm0_sdk_1_30_00_03/source/ti/driverlib/lib/gcc/m0p/mspm0l11xx_l13xx/driverlib.a(dl_timer.o)
 .rodata.IOMUX  0x00000000        0x4 C:/ti/mspm0_sdk_1_30_00_03/source/ti/driverlib/lib/gcc/m0p/mspm0l11xx_l13xx/driverlib.a(dl_timer.o)
 .rodata.TIMG2  0x00000000        0x4 C:/ti/mspm0_sdk_1_30_00_03/source/ti/driverlib/lib/gcc/m0p/mspm0l11xx_l13xx/driverlib.a(dl_timer.o)
 .rodata.TIMG4  0x00000000        0x4 C:/ti/mspm0_sdk_1_30_00_03/source/ti/driverlib/lib/gcc/m0p/mspm0l11xx_l13xx/driverlib.a(dl_timer.o)
 .rodata.ADC0   0x00000000        0x4 C:/ti/mspm0_sdk_1_30_00_03/source/ti/driverlib/lib/gcc/m0p/mspm0l11xx_l13xx/driverlib.a(dl_timer.o)
 .rodata.ADC0_PERIPHERALREGIONSVT
                0x00000000        0x4 C:/ti/mspm0_sdk_1_30_00_03/source/ti/driverlib/lib/gcc/m0p/mspm0l11xx_l13xx/driverlib.a(dl_timer.o)
 .rodata.WUC    0x00000000        0x4 C:/ti/mspm0_sdk_1_30_00_03/source/ti/driverlib/lib/gcc/m0p/mspm0l11xx_l13xx/driverlib.a(dl_timer.o)
 .rodata.FACTORYREGION
                0x00000000        0x4 C:/ti/mspm0_sdk_1_30_00_03/source/ti/driverlib/lib/gcc/m0p/mspm0l11xx_l13xx/driverlib.a(dl_timer.o)
 .text.DL_Timer_setCCPDirection
                0x00000000       0x1c C:/ti/mspm0_sdk_1_30_00_03/source/ti/driverlib/lib/gcc/m0p/mspm0l11xx_l13xx/driverlib.a(dl_timer.o)
 .text.DL_Timer_getClockConfig
                0x00000000       0x40 C:/ti/mspm0_sdk_1_30_00_03/source/ti/driverlib/lib/gcc/m0p/mspm0l11xx_l13xx/driverlib.a(dl_timer.o)
 .text.DL_Timer_initCaptureMode
                0x00000000      0x140 C:/ti/mspm0_sdk_1_30_00_03/source/ti/driverlib/lib/gcc/m0p/mspm0l11xx_l13xx/driverlib.a(dl_timer.o)
 .text.DL_Timer_initCaptureTriggerMode
                0x00000000       0xc4 C:/ti/mspm0_sdk_1_30_00_03/source/ti/driverlib/lib/gcc/m0p/mspm0l11xx_l13xx/driverlib.a(dl_timer.o)
 .text.DL_Timer_initCaptureCombinedMode
                0x00000000       0xd0 C:/ti/mspm0_sdk_1_30_00_03/source/ti/driverlib/lib/gcc/m0p/mspm0l11xx_l13xx/driverlib.a(dl_timer.o)
 .text.DL_Timer_initCompareMode
                0x00000000       0xd4 C:/ti/mspm0_sdk_1_30_00_03/source/ti/driverlib/lib/gcc/m0p/mspm0l11xx_l13xx/driverlib.a(dl_timer.o)
 .text.DL_Timer_initCompareTriggerMode
                0x00000000       0xb0 C:/ti/mspm0_sdk_1_30_00_03/source/ti/driverlib/lib/gcc/m0p/mspm0l11xx_l13xx/driverlib.a(dl_timer.o)
 .text.DL_Timer_initPWMMode
                0x00000000      0x130 C:/ti/mspm0_sdk_1_30_00_03/source/ti/driverlib/lib/gcc/m0p/mspm0l11xx_l13xx/driverlib.a(dl_timer.o)
 .text.DL_Timer_getCaptureCompareValue
                0x00000000       0x38 C:/ti/mspm0_sdk_1_30_00_03/source/ti/driverlib/lib/gcc/m0p/mspm0l11xx_l13xx/driverlib.a(dl_timer.o)
 .text.DL_Timer_getCaptureCompareCtl
                0x00000000       0x3c C:/ti/mspm0_sdk_1_30_00_03/source/ti/driverlib/lib/gcc/m0p/mspm0l11xx_l13xx/driverlib.a(dl_timer.o)
 .text.DL_Timer_enableSuppressionOfCompEvent
                0x00000000       0x40 C:/ti/mspm0_sdk_1_30_00_03/source/ti/driverlib/lib/gcc/m0p/mspm0l11xx_l13xx/driverlib.a(dl_timer.o)
 .text.DL_Timer_disableSuppressionOfCompEvent
                0x00000000       0x40 C:/ti/mspm0_sdk_1_30_00_03/source/ti/driverlib/lib/gcc/m0p/mspm0l11xx_l13xx/driverlib.a(dl_timer.o)
 .text.DL_Timer_setCaptCompUpdateMethod
                0x00000000       0x40 C:/ti/mspm0_sdk_1_30_00_03/source/ti/driverlib/lib/gcc/m0p/mspm0l11xx_l13xx/driverlib.a(dl_timer.o)
 .text.DL_Timer_getCaptCompUpdateMethod
                0x00000000       0x40 C:/ti/mspm0_sdk_1_30_00_03/source/ti/driverlib/lib/gcc/m0p/mspm0l11xx_l13xx/driverlib.a(dl_timer.o)
 .text.DL_Timer_setCaptureCompareOutCtl
                0x00000000       0x40 C:/ti/mspm0_sdk_1_30_00_03/source/ti/driverlib/lib/gcc/m0p/mspm0l11xx_l13xx/driverlib.a(dl_timer.o)
 .text.DL_Timer_getCaptureCompareOutCtl
                0x00000000       0x34 C:/ti/mspm0_sdk_1_30_00_03/source/ti/driverlib/lib/gcc/m0p/mspm0l11xx_l13xx/driverlib.a(dl_timer.o)
 .text.DL_Timer_setCaptureCompareAction
                0x00000000       0x40 C:/ti/mspm0_sdk_1_30_00_03/source/ti/driverlib/lib/gcc/m0p/mspm0l11xx_l13xx/driverlib.a(dl_timer.o)
 .text.DL_Timer_getCaptureCompareAction
                0x00000000       0x3c C:/ti/mspm0_sdk_1_30_00_03/source/ti/driverlib/lib/gcc/m0p/mspm0l11xx_l13xx/driverlib.a(dl_timer.o)
 .text.DL_Timer_overrideCCPOut
                0x00000000       0x48 C:/ti/mspm0_sdk_1_30_00_03/source/ti/driverlib/lib/gcc/m0p/mspm0l11xx_l13xx/driverlib.a(dl_timer.o)
 .text.DL_Timer_setCaptureCompareInput
                0x00000000       0x44 C:/ti/mspm0_sdk_1_30_00_03/source/ti/driverlib/lib/gcc/m0p/mspm0l11xx_l13xx/driverlib.a(dl_timer.o)
 .text.DL_Timer_getCaptureCompareInput
                0x00000000       0x36 C:/ti/mspm0_sdk_1_30_00_03/source/ti/driverlib/lib/gcc/m0p/mspm0l11xx_l13xx/driverlib.a(dl_timer.o)
 .text.DL_Timer_setCaptureCompareInputFilter
                0x00000000       0x46 C:/ti/mspm0_sdk_1_30_00_03/source/ti/driverlib/lib/gcc/m0p/mspm0l11xx_l13xx/driverlib.a(dl_timer.o)
 .text.DL_Timer_getCaptureCompareInputFilter
                0x00000000       0x38 C:/ti/mspm0_sdk_1_30_00_03/source/ti/driverlib/lib/gcc/m0p/mspm0l11xx_l13xx/driverlib.a(dl_timer.o)
 .text.DL_Timer_enableCaptureCompareInputFilter
                0x00000000       0x3c C:/ti/mspm0_sdk_1_30_00_03/source/ti/driverlib/lib/gcc/m0p/mspm0l11xx_l13xx/driverlib.a(dl_timer.o)
 .text.DL_Timer_disableCaptureCompareInputFilter
                0x00000000       0x40 C:/ti/mspm0_sdk_1_30_00_03/source/ti/driverlib/lib/gcc/m0p/mspm0l11xx_l13xx/driverlib.a(dl_timer.o)
 .text.DL_Timer_isCaptureCompareInputFilterEnabled
                0x00000000       0x48 C:/ti/mspm0_sdk_1_30_00_03/source/ti/driverlib/lib/gcc/m0p/mspm0l11xx_l13xx/driverlib.a(dl_timer.o)
 .text.DL_Timer_saveConfiguration
                0x00000000      0x1d8 C:/ti/mspm0_sdk_1_30_00_03/source/ti/driverlib/lib/gcc/m0p/mspm0l11xx_l13xx/driverlib.a(dl_timer.o)
 .text.DL_Timer_restoreConfiguration
                0x00000000      0x1dc C:/ti/mspm0_sdk_1_30_00_03/source/ti/driverlib/lib/gcc/m0p/mspm0l11xx_l13xx/driverlib.a(dl_timer.o)
 .text.DL_Timer_getInChanConfig
                0x00000000       0xa0 C:/ti/mspm0_sdk_1_30_00_03/source/ti/driverlib/lib/gcc/m0p/mspm0l11xx_l13xx/driverlib.a(dl_timer.o)
 .text.DL_Timer_getInChanPairConfig
                0x00000000       0x52 C:/ti/mspm0_sdk_1_30_00_03/source/ti/driverlib/lib/gcc/m0p/mspm0l11xx_l13xx/driverlib.a(dl_timer.o)
 .text.DL_Timer_configQEIHallInputMode
                0x00000000       0x4c C:/ti/mspm0_sdk_1_30_00_03/source/ti/driverlib/lib/gcc/m0p/mspm0l11xx_l13xx/driverlib.a(dl_timer.o)

Memory Configuration

Name             Origin             Length             Attributes
FLASH            0x00000000         0x0000fff8         xr
SRAM             0x20000000         0x00001000         xrw
BCR_CONFIG       0x41c00000         0x00000080         r
BSL_CONFIG       0x41c00100         0x00000080         r
*default*        0x00000000         0xffffffff

Linker script and memory map

LOAD ./main.o
LOAD ./startup_mspm0l130x_gcc.o
LOAD ./ti_msp_dl_config.o
                0x00000000                _Min_Heap_Size = 0x0
                0x00000080                _Min_Stack_Size = 0x80
                0x00000000                PROVIDE (_intvecs_base_address = DEFINED (_intvecs_base_address)?_intvecs_base_address:0x0)

.intvecs        0x00000000       0xc0
 *(.intvecs)
 .intvecs       0x00000000       0xc0 ./startup_mspm0l130x_gcc.o
                0x00000000                interruptVectors
                0x20000000                PROVIDE (_vtable_base_address = DEFINED (_vtable_base_address)?_vtable_base_address:0x20000000)

.vtable
 *(.vtable)

.text           0x000000c0      0x3c8
 CREATE_OBJECT_SYMBOLS
 *(.text)
 .text          0x000000c0        0x0 ./main.o
 .text          0x000000c0        0x0 ./startup_mspm0l130x_gcc.o
 .text          0x000000c0        0x0 ./ti_msp_dl_config.o
 .text          0x000000c0        0x0 C:/ti/mspm0_sdk_1_30_00_03/source/ti/driverlib/lib/gcc/m0p/mspm0l11xx_l13xx/driverlib.a(dl_common.o)
 .text          0x000000c0        0x0 C:/ti/mspm0_sdk_1_30_00_03/source/ti/driverlib/lib/gcc/m0p/mspm0l11xx_l13xx/driverlib.a(dl_timer.o)
 .text          0x000000c0        0x0 C:/ti/gcc_arm_none_eabi_9_2_1/arm-none-eabi/lib/thumb/v6-m/nofp\libc.a(lib_a-init.o)
                0x000000c0                . = ALIGN (0x8)
 *(.text.*)
 .text.startup.main
                0x000000c0       0x38 ./main.o
                0x000000c0                main
 .text.TIMG0_IRQHandler
                0x000000f8       0x14 ./main.o
                0x000000f8                TIMG0_IRQHandler
 .text.Default_Handler
                0x0000010c        0x4 ./startup_mspm0l130x_gcc.o
                0x0000010c                TIMG2_IRQHandler
                0x0000010c                I2C0_IRQHandler
                0x0000010c                HardFault_Handler
                0x0000010c                SysTick_Handler
                0x0000010c                PendSV_Handler
                0x0000010c                NMI_Handler
                0x0000010c                I2C1_IRQHandler
                0x0000010c                UART1_IRQHandler
                0x0000010c                UART0_IRQHandler
                0x0000010c                ADC0_IRQHandler
                0x0000010c                GROUP1_IRQHandler
                0x0000010c                GROUP0_IRQHandler
                0x0000010c                Default_Handler
                0x0000010c                SVC_Handler
                0x0000010c                TIMG1_IRQHandler
                0x0000010c                SPI0_IRQHandler
                0x0000010c                DMA_IRQHandler
                0x0000010c                TIMG4_IRQHandler
 .text.Reset_Handler
                0x00000110       0x8c ./startup_mspm0l130x_gcc.o
                0x00000110                Reset_Handler
 .text.initStub
                0x0000019c        0x4 ./startup_mspm0l130x_gcc.o
                0x0000019c                initStub
                0x0000019c                _init
 .text.SYSCFG_DL_initPower
                0x000001a0       0x28 ./ti_msp_dl_config.o
                0x000001a0                SYSCFG_DL_initPower
 .text.SYSCFG_DL_GPIO_init
                0x000001c8       0x14 ./ti_msp_dl_config.o
                0x000001c8                SYSCFG_DL_GPIO_init
 .text.SYSCFG_DL_SYSCTL_init
                0x000001dc       0x30 ./ti_msp_dl_config.o
                0x000001dc                SYSCFG_DL_SYSCTL_init
 .text.SYSCFG_DL_TIMER_0_init
                0x0000020c       0x38 ./ti_msp_dl_config.o
                0x0000020c                SYSCFG_DL_TIMER_0_init
 .text.SYSCFG_DL_init
                0x00000244       0x14 ./ti_msp_dl_config.o
                0x00000244                SYSCFG_DL_init
 .text.DL_Common_delayCycles
                0x00000258       0x1c C:/ti/mspm0_sdk_1_30_00_03/source/ti/driverlib/lib/gcc/m0p/mspm0l11xx_l13xx/driverlib.a(dl_common.o)
                0x00000258                DL_Common_delayCycles
 .text.DL_Common_updateReg
                0x00000274       0x32 C:/ti/mspm0_sdk_1_30_00_03/source/ti/driverlib/lib/gcc/m0p/mspm0l11xx_l13xx/driverlib.a(dl_timer.o)
 *fill*         0x000002a6        0x2 
 .text.DL_Timer_setLoadValue
                0x000002a8       0x20 C:/ti/mspm0_sdk_1_30_00_03/source/ti/driverlib/lib/gcc/m0p/mspm0l11xx_l13xx/driverlib.a(dl_timer.o)
 .text.DL_Timer_setCounterValueAfterEnable
                0x000002c8       0x2c C:/ti/mspm0_sdk_1_30_00_03/source/ti/driverlib/lib/gcc/m0p/mspm0l11xx_l13xx/driverlib.a(dl_timer.o)
 .text.DL_Timer_setClockConfig
                0x000002f4       0x40 C:/ti/mspm0_sdk_1_30_00_03/source/ti/driverlib/lib/gcc/m0p/mspm0l11xx_l13xx/driverlib.a(dl_timer.o)
                0x000002f4                DL_Timer_setClockConfig
 .text.DL_Timer_initTimerMode
                0x00000334       0x8c C:/ti/mspm0_sdk_1_30_00_03/source/ti/driverlib/lib/gcc/m0p/mspm0l11xx_l13xx/driverlib.a(dl_timer.o)
                0x00000334                DL_Timer_initTimerMode
 .text.DL_Timer_setCaptureCompareValue
                0x000003c0       0x38 C:/ti/mspm0_sdk_1_30_00_03/source/ti/driverlib/lib/gcc/m0p/mspm0l11xx_l13xx/driverlib.a(dl_timer.o)
                0x000003c0                DL_Timer_setCaptureCompareValue
 .text.DL_Timer_setCaptureCompareCtl
                0x000003f8       0x4c C:/ti/mspm0_sdk_1_30_00_03/source/ti/driverlib/lib/gcc/m0p/mspm0l11xx_l13xx/driverlib.a(dl_timer.o)
                0x000003f8                DL_Timer_setCaptureCompareCtl
 .text.__libc_init_array
                0x00000444       0x44 C:/ti/gcc_arm_none_eabi_9_2_1/arm-none-eabi/lib/thumb/v6-m/nofp\libc.a(lib_a-init.o)
                0x00000444                __libc_init_array
                0x00000488                . = ALIGN (0x8)
 *(.ctors)
                0x00000488                . = ALIGN (0x8)
 *(.dtors)
                0x00000488                . = ALIGN (0x8)
 *(.init)
                0x00000488                . = ALIGN (0x8)
 *(.fini*)
                0x00000488                . = ALIGN (0x8)

.glue_7         0x00000488        0x0
 .glue_7        0x00000488        0x0 linker stubs

.glue_7t        0x00000488        0x0
 .glue_7t       0x00000488        0x0 linker stubs

.vfp11_veneer   0x00000488        0x0
 .vfp11_veneer  0x00000488        0x0 linker stubs

.v4_bx          0x00000488        0x0
 .v4_bx         0x00000488        0x0 linker stubs

.iplt           0x00000488        0x0
 .iplt          0x00000488        0x0 ./main.o

.ramfunc        0x20000000        0x0 load address 0x00000488
                0x00000488                __ramfunct_load__ = LOADADDR (.ramfunc)
                0x20000000                __ramfunct_start__ = .
 *(.ramfunc)
                0x20000000                . = ALIGN (0x8)
                0x20000000                __ramfunct_end__ = .

.rodata         0x00000488       0xa8
 *(.rodata)
                0x00000488                . = ALIGN (0x8)
 *(.rodata.*)
 .rodata.gTIMER_0ClockConfig
                0x00000488        0x3 ./ti_msp_dl_config.o
 *fill*         0x0000048b        0x1 
 .rodata.gTIMER_0TimerConfig
                0x0000048c       0x14 ./ti_msp_dl_config.o
 .rodata.DL_Timer_initTimerMode
                0x000004a0       0x8c C:/ti/mspm0_sdk_1_30_00_03/source/ti/driverlib/lib/gcc/m0p/mspm0l11xx_l13xx/driverlib.a(dl_timer.o)
                0x00000530                . = ALIGN (0x8)
 *fill*         0x0000052c        0x4 

.rel.dyn        0x00000530        0x0
 .rel.iplt      0x00000530        0x0 ./main.o

.preinit_array  0x00000530        0x0
                0x00000530                PROVIDE (__preinit_array_start = .)
 *(.preinit_array*)
                0x00000530                PROVIDE (__preinit_array_end = .)

.init_array     0x00000530        0x0
                0x00000530                . = ALIGN (0x8)
                0x00000530                PROVIDE (__init_array_start = .)
 *(SORT_BY_NAME(.init_array.*))
 *(.init_array*)
                0x00000530                PROVIDE (__init_array_end = .)

.fini_array     0x00000530        0x0
                0x00000530                . = ALIGN (0x8)
                [!provide]                PROVIDE (__fini_array_start = .)
 *(SORT_BY_NAME(.fini_array.*))
 *(.fini_array*)
                [!provide]                PROVIDE (__fini_array_end = .)
                0x00000530                . = ALIGN (0x8)

.ARM.exidx      0x00000530        0x0
                0x00000530                __exidx_start = .
 *(.ARM.exidx* .gnu.linkonce.armexidx.*)
                0x00000530                __exidx_end = .

.ARM.extab      0x00000530        0x0
                0x00000530                . = ALIGN (0x8)
 *(.ARM.extab* .gnu.linkonce.armextab.*)
                0x00000530                . = ALIGN (0x8)
                0x00000530                __etext = .

.data           0x20000000        0x0 load address 0x00000530
                0x00000530                __data_load__ = LOADADDR (.data)
                0x20000000                __data_start__ = .
 *(.data)
 .data          0x20000000        0x0 ./main.o
 .data          0x20000000        0x0 ./startup_mspm0l130x_gcc.o
 .data          0x20000000        0x0 ./ti_msp_dl_config.o
 .data          0x20000000        0x0 C:/ti/mspm0_sdk_1_30_00_03/source/ti/driverlib/lib/gcc/m0p/mspm0l11xx_l13xx/driverlib.a(dl_common.o)
 .data          0x20000000        0x0 C:/ti/mspm0_sdk_1_30_00_03/source/ti/driverlib/lib/gcc/m0p/mspm0l11xx_l13xx/driverlib.a(dl_timer.o)
 .data          0x20000000        0x0 C:/ti/gcc_arm_none_eabi_9_2_1/arm-none-eabi/lib/thumb/v6-m/nofp\libc.a(lib_a-init.o)
 *(.data*)
                0x20000000                . = ALIGN (0x8)
                0x20000000                __data_end__ = .

.igot.plt       0x20000000        0x0 load address 0x00000530
 .igot.plt      0x20000000        0x0 ./main.o

.bss            0x20000000        0x0
                0x20000000                __bss_start__ = .
 *(.shbss)
 *(.bss)
 .bss           0x20000000        0x0 ./main.o
 .bss           0x20000000        0x0 ./startup_mspm0l130x_gcc.o
 .bss           0x20000000        0x0 ./ti_msp_dl_config.o
 .bss           0x20000000        0x0 C:/ti/mspm0_sdk_1_30_00_03/source/ti/driverlib/lib/gcc/m0p/mspm0l11xx_l13xx/driverlib.a(dl_common.o)
 .bss           0x20000000        0x0 C:/ti/mspm0_sdk_1_30_00_03/source/ti/driverlib/lib/gcc/m0p/mspm0l11xx_l13xx/driverlib.a(dl_timer.o)
 .bss           0x20000000        0x0 C:/ti/gcc_arm_none_eabi_9_2_1/arm-none-eabi/lib/thumb/v6-m/nofp\libc.a(lib_a-init.o)
 *(.bss.*)
 *(COMMON)
                0x20000000                . = ALIGN (0x8)
                0x20000000                __bss_end__ = .

.noinit         0x20000000        0x0
 *(*.noinit*)
                0x20000000                . = ALIGN (0x8)

.heap           0x20000000        0x0
                0x20000000                __heap_start__ = .
                0x20000000                end = __heap_start__
                0x20000000                _end = end
                0x20000000                __end = end
 *(.heap)
                0x20000000                __heap_end__ = .
                0x20000000                __HeapLimit = __heap_end__

.stack          0x20000000        0x0
                0x20000000                _stack = .
 *(.stack)

.BCRConfig
 *(.BCRConfig)

.BSLConfig
 *(.BSLConfig)
                0x20001000                __StackTop = (ORIGIN (REGION_STACK) + LENGTH (REGION_STACK))
                [!provide]                PROVIDE (__stack = __StackTop)
LOAD C:/ti/mspm0_sdk_1_30_00_03/source/ti/driverlib/lib/gcc/m0p/mspm0l11xx_l13xx/driverlib.a
LOAD C:/ti/mspm0_sdk_1_30_00_03/source/ti/driverlib/lib/gcc/m0p/mspm0l11xx_l13xx\driverlib.a
LOAD c:/ti/gcc_arm_none_eabi_9_2_1/bin/../lib/gcc/arm-none-eabi/9.2.1/thumb/v6-m/nofp\libgcc.a
LOAD C:/ti/gcc_arm_none_eabi_9_2_1/arm-none-eabi/lib/thumb/v6-m/nofp\libc.a
LOAD C:/ti/gcc_arm_none_eabi_9_2_1/arm-none-eabi/lib/thumb/v6-m/nofp\libm.a
LOAD C:/ti/gcc_arm_none_eabi_9_2_1/arm-none-eabi/lib/thumb/v6-m/nofp\libnosys.a
START GROUP
LOAD c:/ti/gcc_arm_none_eabi_9_2_1/bin/../lib/gcc/arm-none-eabi/9.2.1/thumb/v6-m/nofp\libgcc.a
LOAD C:/ti/gcc_arm_none_eabi_9_2_1/arm-none-eabi/lib/thumb/v6-m/nofp\libg.a
LOAD C:/ti/gcc_arm_none_eabi_9_2_1/arm-none-eabi/lib/thumb/v6-m/nofp\libc.a
END GROUP
OUTPUT(empty_non_sysconfig_LP_MSPM0L1306_nortos_gcc.out elf32-littlearm)

.debug_info     0x00000000     0x97e1
 .debug_info    0x00000000     0x4a04 ./main.o
 .debug_info    0x00004a04      0x1bc ./startup_mspm0l130x_gcc.o
 .debug_info    0x00004bc0     0x4c21 ./ti_msp_dl_config.o

.debug_abbrev   0x00000000      0x65d
 .debug_abbrev  0x00000000      0x299 ./main.o
 .debug_abbrev  0x00000299       0xe7 ./startup_mspm0l130x_gcc.o
 .debug_abbrev  0x00000380      0x2dd ./ti_msp_dl_config.o

.debug_aranges  0x00000000       0x98
 .debug_aranges
                0x00000000       0x28 ./main.o
 .debug_aranges
                0x00000028       0x30 ./startup_mspm0l130x_gcc.o
 .debug_aranges
                0x00000058       0x40 ./ti_msp_dl_config.o

.debug_ranges   0x00000000      0x158
 .debug_ranges  0x00000000       0x70 ./main.o
 .debug_ranges  0x00000070       0x20 ./startup_mspm0l130x_gcc.o
 .debug_ranges  0x00000090       0xc8 ./ti_msp_dl_config.o

.debug_line     0x00000000      0xb0a
 .debug_line    0x00000000      0x439 ./main.o
 .debug_line    0x00000439      0x180 ./startup_mspm0l130x_gcc.o
 .debug_line    0x000005b9      0x551 ./ti_msp_dl_config.o

.debug_str      0x00000000     0x208c
 .debug_str     0x00000000     0x17e5 ./main.o
                               0x18af (size before relaxing)
 .debug_str     0x000017e5       0xf2 ./startup_mspm0l130x_gcc.o
                                0x2aa (size before relaxing)
 .debug_str     0x000018d7      0x7b5 ./ti_msp_dl_config.o
                               0x1ccf (size before relaxing)

.comment        0x00000000       0x79
 .comment       0x00000000       0x79 ./main.o
                                 0x7a (size before relaxing)
 .comment       0x00000079       0x7a ./startup_mspm0l130x_gcc.o
 .comment       0x00000079       0x7a ./ti_msp_dl_config.o
 .comment       0x00000079       0x7a C:/ti/mspm0_sdk_1_30_00_03/source/ti/driverlib/lib/gcc/m0p/mspm0l11xx_l13xx/driverlib.a(dl_common.o)
 .comment       0x00000079       0x7a C:/ti/mspm0_sdk_1_30_00_03/source/ti/driverlib/lib/gcc/m0p/mspm0l11xx_l13xx/driverlib.a(dl_timer.o)

.ARM.attributes
                0x00000000       0x2c
 .ARM.attributes
                0x00000000       0x2b ./main.o
 .ARM.attributes
                0x0000002b       0x2b ./startup_mspm0l130x_gcc.o
 .ARM.attributes
                0x00000056       0x2b ./ti_msp_dl_config.o
 .ARM.attributes
                0x00000081       0x2b C:/ti/mspm0_sdk_1_30_00_03/source/ti/driverlib/lib/gcc/m0p/mspm0l11xx_l13xx/driverlib.a(dl_common.o)
 .ARM.attributes
                0x000000ac       0x2b C:/ti/mspm0_sdk_1_30_00_03/source/ti/driverlib/lib/gcc/m0p/mspm0l11xx_l13xx/driverlib.a(dl_timer.o)
 .ARM.attributes
                0x000000d7       0x2c C:/ti/gcc_arm_none_eabi_9_2_1/arm-none-eabi/lib/thumb/v6-m/nofp\libc.a(lib_a-init.o)

.debug_frame    0x00000000      0x124
 .debug_frame   0x00000000       0x38 ./main.o
 .debug_frame   0x00000038       0x48 ./startup_mspm0l130x_gcc.o
 .debug_frame   0x00000080       0x78 ./ti_msp_dl_config.o
 .debug_frame   0x000000f8       0x2c C:/ti/gcc_arm_none_eabi_9_2_1/arm-none-eabi/lib/thumb/v6-m/nofp\libc.a(lib_a-init.o)

.debug_loc      0x00000000       0x13
 .debug_loc     0x00000000       0x13 ./startup_mspm0l130x_gcc.o
