Archive member included to satisfy reference by file (symbol)

C:/ti/mspm0_sdk_2_00_00_03/source/ti/driverlib/lib/gcc/m0p/mspm0c110x/driverlib.a(dl_common.o)
                              ./ti_msp_dl_config.o (DL_Common_delayCycles)
C:/ti/gcc_arm_none_eabi_9_2_1/arm-none-eabi/lib/thumb/v6-m/nofp\libc.a(lib_a-init.o)
                              ./startup_mspm0c110x_gcc.o (__libc_init_array)

Discarded input sections

 .rodata.FLASHCTL
                0x00000000        0x4 C:/ti/mspm0_sdk_2_00_00_03/source/ti/driverlib/lib/gcc/m0p/mspm0c110x/driverlib.a(dl_common.o)
 .rodata.IOMUX  0x00000000        0x4 C:/ti/mspm0_sdk_2_00_00_03/source/ti/driverlib/lib/gcc/m0p/mspm0c110x/driverlib.a(dl_common.o)
 .rodata.DEBUGSS
                0x00000000        0x4 C:/ti/mspm0_sdk_2_00_00_03/source/ti/driverlib/lib/gcc/m0p/mspm0c110x/driverlib.a(dl_common.o)
 .rodata.SYSCTL
                0x00000000        0x4 C:/ti/mspm0_sdk_2_00_00_03/source/ti/driverlib/lib/gcc/m0p/mspm0c110x/driverlib.a(dl_common.o)
 .rodata.CRC    0x00000000        0x4 C:/ti/mspm0_sdk_2_00_00_03/source/ti/driverlib/lib/gcc/m0p/mspm0c110x/driverlib.a(dl_common.o)
 .rodata.WWDT0  0x00000000        0x4 C:/ti/mspm0_sdk_2_00_00_03/source/ti/driverlib/lib/gcc/m0p/mspm0c110x/driverlib.a(dl_common.o)
 .rodata.UART0  0x00000000        0x4 C:/ti/mspm0_sdk_2_00_00_03/source/ti/driverlib/lib/gcc/m0p/mspm0c110x/driverlib.a(dl_common.o)
 .rodata.GPIOA  0x00000000        0x4 C:/ti/mspm0_sdk_2_00_00_03/source/ti/driverlib/lib/gcc/m0p/mspm0c110x/driverlib.a(dl_common.o)
 .rodata.I2C0   0x00000000        0x4 C:/ti/mspm0_sdk_2_00_00_03/source/ti/driverlib/lib/gcc/m0p/mspm0c110x/driverlib.a(dl_common.o)
 .rodata.DMA    0x00000000        0x4 C:/ti/mspm0_sdk_2_00_00_03/source/ti/driverlib/lib/gcc/m0p/mspm0c110x/driverlib.a(dl_common.o)
 .rodata.CPUSS  0x00000000        0x4 C:/ti/mspm0_sdk_2_00_00_03/source/ti/driverlib/lib/gcc/m0p/mspm0c110x/driverlib.a(dl_common.o)
 .rodata.ADC0   0x00000000        0x4 C:/ti/mspm0_sdk_2_00_00_03/source/ti/driverlib/lib/gcc/m0p/mspm0c110x/driverlib.a(dl_common.o)
 .rodata.ADC0_PERIPHERALREGIONSVT
                0x00000000        0x4 C:/ti/mspm0_sdk_2_00_00_03/source/ti/driverlib/lib/gcc/m0p/mspm0c110x/driverlib.a(dl_common.o)
 .rodata.SPI0   0x00000000        0x4 C:/ti/mspm0_sdk_2_00_00_03/source/ti/driverlib/lib/gcc/m0p/mspm0c110x/driverlib.a(dl_common.o)
 .rodata.WUC    0x00000000        0x4 C:/ti/mspm0_sdk_2_00_00_03/source/ti/driverlib/lib/gcc/m0p/mspm0c110x/driverlib.a(dl_common.o)
 .rodata.FACTORYREGION
                0x00000000        0x4 C:/ti/mspm0_sdk_2_00_00_03/source/ti/driverlib/lib/gcc/m0p/mspm0c110x/driverlib.a(dl_common.o)
 .rodata.VREF   0x00000000        0x4 C:/ti/mspm0_sdk_2_00_00_03/source/ti/driverlib/lib/gcc/m0p/mspm0c110x/driverlib.a(dl_common.o)
 .rodata.TIMA0  0x00000000        0x4 C:/ti/mspm0_sdk_2_00_00_03/source/ti/driverlib/lib/gcc/m0p/mspm0c110x/driverlib.a(dl_common.o)
 .rodata.TIMG8  0x00000000        0x4 C:/ti/mspm0_sdk_2_00_00_03/source/ti/driverlib/lib/gcc/m0p/mspm0c110x/driverlib.a(dl_common.o)
 .rodata.TIMG14
                0x00000000        0x4 C:/ti/mspm0_sdk_2_00_00_03/source/ti/driverlib/lib/gcc/m0p/mspm0c110x/driverlib.a(dl_common.o)

Memory Configuration

Name             Origin             Length             Attributes
FLASH            0x00000000         0x00004000         xr
SRAM             0x20000000         0x00000400         xrw
BCR_CONFIG       0x41c00000         0x00000080         r
*default*        0x00000000         0xffffffff

Linker script and memory map

LOAD ./empty_non_sysconfig.o
LOAD ./startup_mspm0c110x_gcc.o
LOAD ./ti_msp_dl_config.o
                0x00000000                _Min_Heap_Size = 0x0
                0x00000080                _Min_Stack_Size = 0x80
                0x00000000                PROVIDE (_intvecs_base_address = DEFINED (_intvecs_base_address)?_intvecs_base_address:0x0)

.intvecs        0x00000000       0xc0
 *(.intvecs)
 .intvecs       0x00000000       0xc0 ./startup_mspm0c110x_gcc.o
                0x00000000                interruptVectors
                0x20000000                PROVIDE (_vtable_base_address = DEFINED (_vtable_base_address)?_vtable_base_address:0x20000000)

.vtable
 *(.vtable)

.text           0x000000c0      0x168
 CREATE_OBJECT_SYMBOLS
 *(.text)
 .text          0x000000c0        0x0 ./empty_non_sysconfig.o
 .text          0x000000c0        0x0 ./startup_mspm0c110x_gcc.o
 .text          0x000000c0        0x0 ./ti_msp_dl_config.o
 .text          0x000000c0        0x0 C:/ti/mspm0_sdk_2_00_00_03/source/ti/driverlib/lib/gcc/m0p/mspm0c110x/driverlib.a(dl_common.o)
 .text          0x000000c0        0x0 C:/ti/gcc_arm_none_eabi_9_2_1/arm-none-eabi/lib/thumb/v6-m/nofp\libc.a(lib_a-init.o)
                0x000000c0                . = ALIGN (0x8)
 *(.text.*)
 .text.startup.main
                0x000000c0        0x8 ./empty_non_sysconfig.o
                0x000000c0                main
 .text.Default_Handler
                0x000000c8        0x4 ./startup_mspm0c110x_gcc.o
                0x000000c8                TIMG8_IRQHandler
                0x000000c8                I2C0_IRQHandler
                0x000000c8                HardFault_Handler
                0x000000c8                GPIOA_IRQHandler
                0x000000c8                SysTick_Handler
                0x000000c8                PendSV_Handler
                0x000000c8                NMI_Handler
                0x000000c8                UART0_IRQHandler
                0x000000c8                ADC0_IRQHandler
                0x000000c8                GROUP0_IRQHandler
                0x000000c8                Default_Handler
                0x000000c8                TIMG14_IRQHandler
                0x000000c8                SVC_Handler
                0x000000c8                SPI0_IRQHandler
                0x000000c8                DMA_IRQHandler
                0x000000c8                TIMA0_IRQHandler
 .text.Reset_Handler
                0x000000cc       0x8c ./startup_mspm0c110x_gcc.o
                0x000000cc                Reset_Handler
 .text.initStub
                0x00000158        0x4 ./startup_mspm0c110x_gcc.o
                0x00000158                initStub
                0x00000158                _init
 .text.SYSCFG_DL_initPower
                0x0000015c       0x28 ./ti_msp_dl_config.o
                0x0000015c                SYSCFG_DL_initPower
 .text.SYSCFG_DL_GPIO_init
                0x00000184        0x4 ./ti_msp_dl_config.o
                0x00000184                SYSCFG_DL_GPIO_init
 .text.SYSCFG_DL_SYSCTL_init
                0x00000188       0x30 ./ti_msp_dl_config.o
                0x00000188                SYSCFG_DL_SYSCTL_init
 .text.SYSCFG_DL_init
                0x000001b8       0x10 ./ti_msp_dl_config.o
                0x000001b8                SYSCFG_DL_init
 .text.DL_Common_delayCycles
                0x000001c8       0x1c C:/ti/mspm0_sdk_2_00_00_03/source/ti/driverlib/lib/gcc/m0p/mspm0c110x/driverlib.a(dl_common.o)
                0x000001c8                DL_Common_delayCycles
 .text.__libc_init_array
                0x000001e4       0x44 C:/ti/gcc_arm_none_eabi_9_2_1/arm-none-eabi/lib/thumb/v6-m/nofp\libc.a(lib_a-init.o)
                0x000001e4                __libc_init_array
                0x00000228                . = ALIGN (0x8)
 *(.ctors)
                0x00000228                . = ALIGN (0x8)
 *(.dtors)
                0x00000228                . = ALIGN (0x8)
 *(.init)
                0x00000228                . = ALIGN (0x8)
 *(.fini*)
                0x00000228                . = ALIGN (0x8)

.glue_7         0x00000228        0x0
 .glue_7        0x00000228        0x0 linker stubs

.glue_7t        0x00000228        0x0
 .glue_7t       0x00000228        0x0 linker stubs

.vfp11_veneer   0x00000228        0x0
 .vfp11_veneer  0x00000228        0x0 linker stubs

.v4_bx          0x00000228        0x0
 .v4_bx         0x00000228        0x0 linker stubs

.iplt           0x00000228        0x0
 .iplt          0x00000228        0x0 ./empty_non_sysconfig.o

.rel.dyn        0x00000228        0x0
 .rel.iplt      0x00000228        0x0 ./empty_non_sysconfig.o

.ramfunc        0x20000000        0x0 load address 0x00000228
                0x00000228                __ramfunct_load__ = LOADADDR (.ramfunc)
                0x20000000                __ramfunct_start__ = .
 *(.ramfunc)
                0x20000000                . = ALIGN (0x8)
                0x20000000                __ramfunct_end__ = .

.rodata         0x00000228        0x0
 *(.rodata)
                0x00000228                . = ALIGN (0x8)
 *(.rodata.*)
                0x00000228                . = ALIGN (0x8)

.preinit_array  0x00000228        0x0
                0x00000228                PROVIDE (__preinit_array_start = .)
 *(.preinit_array*)
                0x00000228                PROVIDE (__preinit_array_end = .)

.init_array     0x00000228        0x0
                0x00000228                . = ALIGN (0x8)
                0x00000228                PROVIDE (__init_array_start = .)
 *(SORT_BY_NAME(.init_array.*))
 *(.init_array*)
                0x00000228                PROVIDE (__init_array_end = .)

.fini_array     0x00000228        0x0
                0x00000228                . = ALIGN (0x8)
                [!provide]                PROVIDE (__fini_array_start = .)
 *(SORT_BY_NAME(.fini_array.*))
 *(.fini_array*)
                [!provide]                PROVIDE (__fini_array_end = .)
                0x00000228                . = ALIGN (0x8)

.ARM.exidx      0x00000228        0x0
                0x00000228                __exidx_start = .
 *(.ARM.exidx* .gnu.linkonce.armexidx.*)
                0x00000228                __exidx_end = .

.ARM.extab      0x00000228        0x0
                0x00000228                . = ALIGN (0x8)
 *(.ARM.extab* .gnu.linkonce.armextab.*)
                0x00000228                . = ALIGN (0x8)
                0x00000228                __etext = .

.data           0x20000000        0x0 load address 0x00000228
                0x00000228                __data_load__ = LOADADDR (.data)
                0x20000000                __data_start__ = .
 *(.data)
 .data          0x20000000        0x0 ./empty_non_sysconfig.o
 .data          0x20000000        0x0 ./startup_mspm0c110x_gcc.o
 .data          0x20000000        0x0 ./ti_msp_dl_config.o
 .data          0x20000000        0x0 C:/ti/mspm0_sdk_2_00_00_03/source/ti/driverlib/lib/gcc/m0p/mspm0c110x/driverlib.a(dl_common.o)
 .data          0x20000000        0x0 C:/ti/gcc_arm_none_eabi_9_2_1/arm-none-eabi/lib/thumb/v6-m/nofp\libc.a(lib_a-init.o)
 *(.data*)
                0x20000000                . = ALIGN (0x8)
                0x20000000                __data_end__ = .

.igot.plt       0x20000000        0x0 load address 0x00000228
 .igot.plt      0x20000000        0x0 ./empty_non_sysconfig.o

.bss            0x20000000        0x0
                0x20000000                __bss_start__ = .
 *(.shbss)
 *(.bss)
 .bss           0x20000000        0x0 ./empty_non_sysconfig.o
 .bss           0x20000000        0x0 ./startup_mspm0c110x_gcc.o
 .bss           0x20000000        0x0 ./ti_msp_dl_config.o
 .bss           0x20000000        0x0 C:/ti/mspm0_sdk_2_00_00_03/source/ti/driverlib/lib/gcc/m0p/mspm0c110x/driverlib.a(dl_common.o)
 .bss           0x20000000        0x0 C:/ti/gcc_arm_none_eabi_9_2_1/arm-none-eabi/lib/thumb/v6-m/nofp\libc.a(lib_a-init.o)
 *(.bss.*)
 *(COMMON)
                0x20000000                . = ALIGN (0x8)
                0x20000000                __bss_end__ = .

.noinit         0x20000000        0x0
 *(*.noinit*)
                0x20000000                . = ALIGN (0x8)

.heap           0x20000000        0x0
                0x20000000                __heap_start__ = .
                0x20000000                end = __heap_start__
                0x20000000                _end = end
                0x20000000                __end = end
 *(.heap)
                0x20000000                __heap_end__ = .
                0x20000000                __HeapLimit = __heap_end__

.stack          0x20000000        0x0
                0x20000000                _stack = .
 *(.stack)

.BCRConfig
 *(.BCRConfig)
                0x20000400                __StackTop = (ORIGIN (REGION_STACK) + LENGTH (REGION_STACK))
                [!provide]                PROVIDE (__stack = __StackTop)
LOAD C:/ti/mspm0_sdk_2_00_00_03/source/ti/driverlib/lib/gcc/m0p/mspm0c110x/driverlib.a
LOAD C:/ti/mspm0_sdk_2_00_00_03/source/ti/driverlib/lib/gcc/m0p/mspm0c110x\driverlib.a
LOAD c:/ti/gcc_arm_none_eabi_9_2_1/bin/../lib/gcc/arm-none-eabi/9.2.1/thumb/v6-m/nofp\libgcc.a
LOAD C:/ti/gcc_arm_none_eabi_9_2_1/arm-none-eabi/lib/thumb/v6-m/nofp\libc.a
LOAD C:/ti/gcc_arm_none_eabi_9_2_1/arm-none-eabi/lib/thumb/v6-m/nofp\libm.a
LOAD C:/ti/gcc_arm_none_eabi_9_2_1/arm-none-eabi/lib/thumb/v6-m/nofp\libnosys.a
START GROUP
LOAD c:/ti/gcc_arm_none_eabi_9_2_1/bin/../lib/gcc/arm-none-eabi/9.2.1/thumb/v6-m/nofp\libgcc.a
LOAD C:/ti/gcc_arm_none_eabi_9_2_1/arm-none-eabi/lib/thumb/v6-m/nofp\libg.a
LOAD C:/ti/gcc_arm_none_eabi_9_2_1/arm-none-eabi/lib/thumb/v6-m/nofp\libc.a
END GROUP
OUTPUT(demo_c1104.out elf32-littlearm)

.debug_info     0x00000000     0x8255
 .debug_info    0x00000000     0x3ef3 ./empty_non_sysconfig.o
 .debug_info    0x00003ef3      0x1bc ./startup_mspm0c110x_gcc.o
 .debug_info    0x000040af     0x41a6 ./ti_msp_dl_config.o

.debug_abbrev   0x00000000      0x4cc
 .debug_abbrev  0x00000000      0x173 ./empty_non_sysconfig.o
 .debug_abbrev  0x00000173       0xe7 ./startup_mspm0c110x_gcc.o
 .debug_abbrev  0x0000025a      0x272 ./ti_msp_dl_config.o

.debug_aranges  0x00000000       0x88
 .debug_aranges
                0x00000000       0x20 ./empty_non_sysconfig.o
 .debug_aranges
                0x00000020       0x30 ./startup_mspm0c110x_gcc.o
 .debug_aranges
                0x00000050       0x38 ./ti_msp_dl_config.o

.debug_ranges   0x00000000       0xc0
 .debug_ranges  0x00000000       0x10 ./empty_non_sysconfig.o
 .debug_ranges  0x00000010       0x20 ./startup_mspm0c110x_gcc.o
 .debug_ranges  0x00000030       0x90 ./ti_msp_dl_config.o

.debug_line     0x00000000      0x912
 .debug_line    0x00000000      0x2fc ./empty_non_sysconfig.o
 .debug_line    0x000002fc      0x180 ./startup_mspm0c110x_gcc.o
 .debug_line    0x0000047c      0x496 ./ti_msp_dl_config.o

.debug_str      0x00000000     0x1729
 .debug_str     0x00000000     0x12d2 ./empty_non_sysconfig.o
                               0x137e (size before relaxing)
 .debug_str     0x000012d2       0xf2 ./startup_mspm0c110x_gcc.o
                                0x288 (size before relaxing)
 .debug_str     0x000013c4      0x365 ./ti_msp_dl_config.o
                               0x16c5 (size before relaxing)

.comment        0x00000000       0x79
 .comment       0x00000000       0x79 ./empty_non_sysconfig.o
                                 0x7a (size before relaxing)
 .comment       0x00000079       0x7a ./startup_mspm0c110x_gcc.o
 .comment       0x00000079       0x7a ./ti_msp_dl_config.o
 .comment       0x00000079       0x7a C:/ti/mspm0_sdk_2_00_00_03/source/ti/driverlib/lib/gcc/m0p/mspm0c110x/driverlib.a(dl_common.o)

.ARM.attributes
                0x00000000       0x2c
 .ARM.attributes
                0x00000000       0x2b ./empty_non_sysconfig.o
 .ARM.attributes
                0x0000002b       0x2b ./startup_mspm0c110x_gcc.o
 .ARM.attributes
                0x00000056       0x2b ./ti_msp_dl_config.o
 .ARM.attributes
                0x00000081       0x2b C:/ti/mspm0_sdk_2_00_00_03/source/ti/driverlib/lib/gcc/m0p/mspm0c110x/driverlib.a(dl_common.o)
 .ARM.attributes
                0x000000ac       0x2c C:/ti/gcc_arm_none_eabi_9_2_1/arm-none-eabi/lib/thumb/v6-m/nofp\libc.a(lib_a-init.o)

.debug_frame    0x00000000       0xfc
 .debug_frame   0x00000000       0x28 ./empty_non_sysconfig.o
 .debug_frame   0x00000028       0x48 ./startup_mspm0c110x_gcc.o
 .debug_frame   0x00000070       0x60 ./ti_msp_dl_config.o
 .debug_frame   0x000000d0       0x2c C:/ti/gcc_arm_none_eabi_9_2_1/arm-none-eabi/lib/thumb/v6-m/nofp\libc.a(lib_a-init.o)

.debug_loc      0x00000000       0x13
 .debug_loc     0x00000000       0x13 ./startup_mspm0c110x_gcc.o
